[luananunespereira.site/pv/indexed28.html]
[connect.facebook.net/en_US/fbevents.js]
[www.facebook.com/tr9805.gif]
[backblue.gif]
[fade.gif]
[index.html]
[stackpath.bootstrapcdn.com/bootstrap/4.1.3/css/bootstrap.min.css]
[fonts.googleapis.com/index.html]
[kit.fontawesome.com/0572283b45.js]
[luananunespereira.site/pv/imgs/bg.jpg]
[player.vimeo.com/video/644889334.html]
[pay.hotmart.com/K59415861B0819.html]
[luananunespereira.site/pv/cards/MASTER_CARD.svg]
[luananunespereira.site/pv/cards/VISA.svg]
[luananunespereira.site/pv/cards/AMEX.svg]
[luananunespereira.site/pv/cards/PAYPAL.svg]
[luananunespereira.site/pv/imgs/box1.jpg]
[luananunespereira.site/pv/imgs/box2.jpg]
[luananunespereira.site/pv/imgs/box3.jpg]
[luananunespereira.site/pv/imgs/box4.jpg]
[code.jquery.com/jquery-3.3.1.slim.min.js]
[cdnjs.cloudflare.com/ajax/libs/popper.js/1.14.3/umd/popper.min.js]
[luananunespereira.site/pv/indexed28.html]
[stackpath.bootstrapcdn.com/bootstrap/4.1.3/js/bootstrap.min.js]
[luananunespereira.site/pv/c]
[luananunespereira.site/pv/b]
[luananunespereira.site/pv/POST]
[connect.facebook.net/en_US/fbevents.js]
[fonts.googleapis.com/index.html]
[fonts.gstatic.com/index.html]
[stackpath.bootstrapcdn.com/bootstrap/4.1.3/css/bootstrap.min.css]
[fonts.gstatic.com/s/inriasans/v4/ptRMTiqXYfZMCOiVj9kQ5O4.ttf]
[fonts.gstatic.com/s/inriasans/v4/ptRPTiqXYfZMCOiVj9kQ3FLdDQs.ttf]
[fonts.googleapis.com/css2e701.css]
[fonts.gstatic.com/s/oswald/v40/TK3_WkUHHAIjg75cFRf3bXL8LICs1_FvgUE.ttf]
[i.vimeocdn.com/video/1297190120-dd1b66bf6f4c46239ca7a1f808556a49100187b194d63a355228e.jpg]
[player.vimeo.com/video/644889334.html]
[pay.hotmart.com/assets/js/ie-11-polyfill.js]
[pay.hotmart.com/favicon.ico]
[pay.hotmart.com/_nuxt/78d242a.js]
[pay.hotmart.com/_nuxt/3812aaf.js]
[pay.hotmart.com/_nuxt/fdee477.js]
[pay.hotmart.com/_nuxt/10c8d46.js]
[pay.hotmart.com/_nuxt/6e8a03f.js]
[pay.hotmart.com/_nuxt/b2a5719.js]
[pay.hotmart.com/_nuxt/fc1ddd6.js]
[pay.hotmart.com/_nuxt/911d858.js]
[pay.hotmart.com/_nuxt/60a9661.js]
[pay.hotmart.com/_nuxt/77b8a22.js]
[pay.hotmart.com/_nuxt/ada123e.js]
[pay.hotmart.com/_nuxt/5d5ac85.js]
[pay.hotmart.com/_nuxt/f5e1900.js]
[player.vimeo.com/video/645382848cc43.html]
[pay.hotmart.com/K59415861B0819.html]
[luananunespereira.site/pv/cards/MASTER_CARD.svg]
[luananunespereira.site/pv/cards/VISA.svg]
[luananunespereira.site/pv/cards/AMEX.svg]
[luananunespereira.site/pv/cards/PAYPAL.svg]
[luananunespereira.site/pv/c.html]
[luananunespereira.site/pv/b.html]
[luananunespereira.site/pv/POST.html]
[i.vimeocdn.com/video/1298141944-37ea0da0d19d60467a0c775a4756451e3fa053c76e8d516c2228e.jpg]
[player.vimeo.com/video/645382848cc43.html]
[pay.hotmart.com/2zj6oc7wu.gif]
